"C:\Users\eshor\Documents\ACF_consulting\files_test\20218943_14052021_invitation_for_public_comment_on_referral\2021-8943 - referral.pdf" 
"C:\Users\eshor\Documents\ACF_consulting\files_test\20218943_14052021_invitation_for_public_comment_on_referral\2021-8943 Pakenham LXRP - Attachment A.pdf" 
"C:\Users\eshor\Documents\ACF_consulting\files_test\20218943_14052021_invitation_for_public_comment_on_referral\2021-8943 Pakenham LXRP - Attachment B_A.pdf" 
"C:\Users\eshor\Documents\ACF_consulting\files_test\20218943_14052021_invitation_for_public_comment_on_referral\2021-8943 Pakenham LXRP - Attachment B_B.pdf" 
"C:\Users\eshor\Documents\ACF_consulting\files_test\20218943_14052021_invitation_for_public_comment_on_referral\2021-8943 Pakenham LXRP - Attachment B_C.pdf" 
"C:\Users\eshor\Documents\ACF_consulting\files_test\20218943_14052021_invitation_for_public_comment_on_referral\2021-8943 Pakenham LXRP - Attachment C.pdf" 
"C:\Users\eshor\Documents\ACF_consulting\files_test\20218943_14052021_invitation_for_public_comment_on_referral\2021-8943 Pakenham LXRP - Attachment D.pdf" 
"C:\Users\eshor\Documents\ACF_consulting\files_test\20218943_14052021_invitation_for_public_comment_on_referral\2021-8943 Pakenham LXRP - Attachment E.pdf" 
"C:\Users\eshor\Documents\ACF_consulting\files_test\20218943_14052021_invitation_for_public_comment_on_referral\2021-8943 Pakenham LXRP - Attachment F.pdf" 
"C:\Users\eshor\Documents\ACF_consulting\files_test\20218943_14052021_invitation_for_public_comment_on_referral\2021-8943 Pakenham LXRP - Attachment G.pdf" 
"C:\Users\eshor\Documents\ACF_consulting\files_test\20218943_14052021_invitation_for_public_comment_on_referral\2021-8943 Pakenham LXRP - Attachment H.pdf" 
