"C:\Users\eshor\Documents\ACF_consulting\files_test\20218877_21052021_invitation_for_public_comment_on_referral\2021-8877 - referral.pdf" 
"C:\Users\eshor\Documents\ACF_consulting\files_test\20218877_21052021_invitation_for_public_comment_on_referral\2021-8877 1000814_RPT_Referral_Supporting_Document_Final_NEW.pdf" 
"C:\Users\eshor\Documents\ACF_consulting\files_test\20218877_21052021_invitation_for_public_comment_on_referral\2021-8877 Appendix A - Environment Risk Assessment_NEW.pdf" 
"C:\Users\eshor\Documents\ACF_consulting\files_test\20218877_21052021_invitation_for_public_comment_on_referral\2021-8877 Appendix B-Environmental Policy_NEW.pdf" 
"C:\Users\eshor\Documents\ACF_consulting\files_test\20218877_21052021_invitation_for_public_comment_on_referral\2021-8877 Appendix C-Flood Constraints Analysis_NEW.pdf" 
"C:\Users\eshor\Documents\ACF_consulting\files_test\20218877_21052021_invitation_for_public_comment_on_referral\2021-8877 Appendix D-Terrestrial Ecology Report_NEW.pdf" 
"C:\Users\eshor\Documents\ACF_consulting\files_test\20218877_21052021_invitation_for_public_comment_on_referral\2021-8877 Appendix E-Wet Season Vegetation Survey Report_NEW.pdf" 
"C:\Users\eshor\Documents\ACF_consulting\files_test\20218877_21052021_invitation_for_public_comment_on_referral\2021-8877 Appendix F-Benthic Survey Report_NEW.pdf" 
"C:\Users\eshor\Documents\ACF_consulting\files_test\20218877_21052021_invitation_for_public_comment_on_referral\2021-8877 Environment policy_signed.pdf" 
"C:\Users\eshor\Documents\ACF_consulting\files_test\20218877_21052021_invitation_for_public_comment_on_referral\2021-8877 Figure 3-1 Infrastructure Area Layout_Final_NEW.pdf" 
"C:\Users\eshor\Documents\ACF_consulting\files_test\20218877_21052021_invitation_for_public_comment_on_referral\2021-8877 Figure 3-2 Barge Loading Facility_Final_NEW.pdf" 
