"C:\Users\eshor\Documents\ACF_consulting\files_test\20218939_09062021_invitation_for_public_comment_on_referral\2021-8939 - referral.pdf" 
"C:\Users\eshor\Documents\ACF_consulting\files_test\20218939_09062021_invitation_for_public_comment_on_referral\2021-8939 21061 FIG3 Creamery Road PSP 210406.pdf" 
"C:\Users\eshor\Documents\ACF_consulting\files_test\20218939_09062021_invitation_for_public_comment_on_referral\2021-8939 Addresses of the proposed action.pdf" 
"C:\Users\eshor\Documents\ACF_consulting\files_test\20218939_09062021_invitation_for_public_comment_on_referral\2021-8939 Att 4 21061.01 Creamery Road PSP Area Geelong West - MNES Report.pdf" 
"C:\Users\eshor\Documents\ACF_consulting\files_test\20218939_09062021_invitation_for_public_comment_on_referral\2021-8939 Att 5 RPG Environmental Policy.pdf" 
"C:\Users\eshor\Documents\ACF_consulting\files_test\20218939_09062021_invitation_for_public_comment_on_referral\2021-8939 Att 6 ASIC Search ACN 056 960 242.pdf" 
"C:\Users\eshor\Documents\ACF_consulting\files_test\20218939_09062021_invitation_for_public_comment_on_referral\2021-8939 Drainage Plan.pdf" 
"C:\Users\eshor\Documents\ACF_consulting\files_test\20218939_09062021_invitation_for_public_comment_on_referral\2021-8939 Public engagement NWGGA Framework Plan.pdf" 
