"C:\Users\eshor\Documents\ACF_consulting\files_test\20218955_10062021_invitation_for_public_comment_on_referral\2021-8955 - referral.pdf" 
"C:\Users\eshor\Documents\ACF_consulting\files_test\20218955_10062021_invitation_for_public_comment_on_referral\2021-8955 App A-Stakeholder Consultation Register.pdf" 
"C:\Users\eshor\Documents\ACF_consulting\files_test\20218955_10062021_invitation_for_public_comment_on_referral\2021-8955 App B-Flora Fauna Survey Report.pdf" 
"C:\Users\eshor\Documents\ACF_consulting\files_test\20218955_10062021_invitation_for_public_comment_on_referral\2021-8955 App C-Significant Flora CMP.pdf" 
"C:\Users\eshor\Documents\ACF_consulting\files_test\20218955_10062021_invitation_for_public_comment_on_referral\2021-8955 App D-Significant Fauna MP.pdf" 
"C:\Users\eshor\Documents\ACF_consulting\files_test\20218955_10062021_invitation_for_public_comment_on_referral\2021-8955 App E-EPBC Offset Calculator.pdf" 
"C:\Users\eshor\Documents\ACF_consulting\files_test\20218955_10062021_invitation_for_public_comment_on_referral\2021-8955 App F-Fauna Offset Strategy.pdf" 
"C:\Users\eshor\Documents\ACF_consulting\files_test\20218955_10062021_invitation_for_public_comment_on_referral\2021-8955 App G-Surface Water Assessment.pdf" 
"C:\Users\eshor\Documents\ACF_consulting\files_test\20218955_10062021_invitation_for_public_comment_on_referral\2021-8955 PRIOP Haul Road Referral Supporting Document_Rev0.pdf" 
