"C:\Users\eshor\Documents\ACF_consulting\files_test\20218953_01062021_invitation_for_public_comment_on_referral\2021-8953 - referral.pdf" 
"C:\Users\eshor\Documents\ACF_consulting\files_test\20218953_01062021_invitation_for_public_comment_on_referral\2021-8953 Att 1 Project location.pdf" 
"C:\Users\eshor\Documents\ACF_consulting\files_test\20218953_01062021_invitation_for_public_comment_on_referral\2021-8953 Att 10 Flora and Fauna assmnt 2018.pdf" 
"C:\Users\eshor\Documents\ACF_consulting\files_test\20218953_01062021_invitation_for_public_comment_on_referral\2021-8953 Att 11 Thick-billed Grasswren Survey.pdf" 
"C:\Users\eshor\Documents\ACF_consulting\files_test\20218953_01062021_invitation_for_public_comment_on_referral\2021-8953 Att 12 Invite notice LCK Commercial Project.pdf" 
"C:\Users\eshor\Documents\ACF_consulting\files_test\20218953_01062021_invitation_for_public_comment_on_referral\2021-8953 Att 13 Criteria classifying env impact.pdf" 
"C:\Users\eshor\Documents\ACF_consulting\files_test\20218953_01062021_invitation_for_public_comment_on_referral\2021-8953 Att 14 Environmental Policy.pdf" 
"C:\Users\eshor\Documents\ACF_consulting\files_test\20218953_01062021_invitation_for_public_comment_on_referral\2021-8953 Att 15 Hydrogeological CSM Stage 1 Commercial.pdf" 
"C:\Users\eshor\Documents\ACF_consulting\files_test\20218953_01062021_invitation_for_public_comment_on_referral\2021-8953 Att 2 Leigh Creek coalfield.pdf" 
"C:\Users\eshor\Documents\ACF_consulting\files_test\20218953_01062021_invitation_for_public_comment_on_referral\2021-8953 Att 3 PPL Location.pdf" 
"C:\Users\eshor\Documents\ACF_consulting\files_test\20218953_01062021_invitation_for_public_comment_on_referral\2021-8953 Att 4 Illustration of gasification process.pdf" 
"C:\Users\eshor\Documents\ACF_consulting\files_test\20218953_01062021_invitation_for_public_comment_on_referral\2021-8953 Att 5 Figures 1-15.pdf" 
"C:\Users\eshor\Documents\ACF_consulting\files_test\20218953_01062021_invitation_for_public_comment_on_referral\2021-8953 Att 6 Tables 1 and 2.pdf" 
"C:\Users\eshor\Documents\ACF_consulting\files_test\20218953_01062021_invitation_for_public_comment_on_referral\2021-8953 Att 7 LCK ISG EIR.pdf" 
"C:\Users\eshor\Documents\ACF_consulting\files_test\20218953_01062021_invitation_for_public_comment_on_referral\2021-8953 Att 8 FPP Mine Closure Plan.pdf" 
"C:\Users\eshor\Documents\ACF_consulting\files_test\20218953_01062021_invitation_for_public_comment_on_referral\2021-8953 Att 9 PEL_650_flora_fauna_Report_ Jan 2018.pdf" 
