"C:\Users\eshor\Documents\ACF_consulting\files_test\20218893_27042021_invitation_for_public_comment_on_referral\2021-8893 - referral.pdf" 
"C:\Users\eshor\Documents\ACF_consulting\files_test\20218893_27042021_invitation_for_public_comment_on_referral\2021-8893 A1_Banksia_Solar_Farm_Development_Plan.pdf" 
"C:\Users\eshor\Documents\ACF_consulting\files_test\20218893_27042021_invitation_for_public_comment_on_referral\2021-8893 Att_A_Banksia_Solar_LocalGovt_DA_Approval.pdf" 
"C:\Users\eshor\Documents\ACF_consulting\files_test\20218893_27042021_invitation_for_public_comment_on_referral\2021-8893 Att_B_Banksia_solar_State_Govt_Approval.pdf" 
"C:\Users\eshor\Documents\ACF_consulting\files_test\20218893_27042021_invitation_for_public_comment_on_referral\2021-8893 Att_C_PMAV_ App_Banksia_Solar_120620.pdf" 
"C:\Users\eshor\Documents\ACF_consulting\files_test\20218893_27042021_invitation_for_public_comment_on_referral\2021-8893 Att_D_Protected_Plants_Flora_survey_Banksia_Solar_291120.pdf" 
"C:\Users\eshor\Documents\ACF_consulting\files_test\20218893_27042021_invitation_for_public_comment_on_referral\2021-8893 Att_E_App_to_clear_reg_veg_1RP845017_ 2450620.pdf" 
"C:\Users\eshor\Documents\ACF_consulting\files_test\20218893_27042021_invitation_for_public_comment_on_referral\2021-8893 Att_F_1RP845017_VegPropertyReport.pdf" 
"C:\Users\eshor\Documents\ACF_consulting\files_test\20218893_27042021_invitation_for_public_comment_on_referral\2021-8893 Att_G_50CK3210_VegPropertyReport.pdf" 
"C:\Users\eshor\Documents\ACF_consulting\files_test\20218893_27042021_invitation_for_public_comment_on_referral\2021-8893 Att_H_Fauna_wildlife_onlineLot1.pdf" 
"C:\Users\eshor\Documents\ACF_consulting\files_test\20218893_27042021_invitation_for_public_comment_on_referral\2021-8893 Att_I_Historical_Aerial_Imagery.pdf" 
"C:\Users\eshor\Documents\ACF_consulting\files_test\20218893_27042021_invitation_for_public_comment_on_referral\2021-8893 Att_J_Memo_Koala_survey.pdf" 
"C:\Users\eshor\Documents\ACF_consulting\files_test\20218893_27042021_invitation_for_public_comment_on_referral\2021-8893 Att_K_EPBC_Protected_Matters_Search.pdf" 
