"C:\Users\eshor\Documents\ACF_consulting\files_test\20218936_11052021_invitation_for_public_comment_on_referral\2021-8936 - referral.pdf" 
"C:\Users\eshor\Documents\ACF_consulting\files_test\20218936_11052021_invitation_for_public_comment_on_referral\2021-8936 4175_F01 Site Location and Proposed Action Area DDP.pdf" 
"C:\Users\eshor\Documents\ACF_consulting\files_test\20218936_11052021_invitation_for_public_comment_on_referral\2021-8936 4175_F02 Black Cockatoo Foraging Habitat.pdf" 
"C:\Users\eshor\Documents\ACF_consulting\files_test\20218936_11052021_invitation_for_public_comment_on_referral\2021-8936 4175_F03 Hydrology.pdf" 
"C:\Users\eshor\Documents\ACF_consulting\files_test\20218936_11052021_invitation_for_public_comment_on_referral\2021-8936 4175_F04 Topography and Geology.pdf" 
"C:\Users\eshor\Documents\ACF_consulting\files_test\20218936_11052021_invitation_for_public_comment_on_referral\2021-8936 4175_F05 Vegetation Types.pdf" 
"C:\Users\eshor\Documents\ACF_consulting\files_test\20218936_11052021_invitation_for_public_comment_on_referral\2021-8936 4175_F06 Vegetation Condition.pdf" 
"C:\Users\eshor\Documents\ACF_consulting\files_test\20218936_11052021_invitation_for_public_comment_on_referral\2021-8936 4175_F07 Aboriginal Heritage Sites.pdf" 
"C:\Users\eshor\Documents\ACF_consulting\files_test\20218936_11052021_invitation_for_public_comment_on_referral\2021-8936 4175_F08 Conservation Estate.pdf" 
"C:\Users\eshor\Documents\ACF_consulting\files_test\20218936_11052021_invitation_for_public_comment_on_referral\2021-8936 Att 1 Ecoscape flora veg and fauna.pdf" 
"C:\Users\eshor\Documents\ACF_consulting\files_test\20218936_11052021_invitation_for_public_comment_on_referral\2021-8936 Att 2 GHD flora veg and fauna.pdf" 
"C:\Users\eshor\Documents\ACF_consulting\files_test\20218936_11052021_invitation_for_public_comment_on_referral\2021-8936 Att 3 Hollow Assessment.pdf" 
"C:\Users\eshor\Documents\ACF_consulting\files_test\20218936_11052021_invitation_for_public_comment_on_referral\2021-8936 Att 4  MNES Likelihood Assessment.pdf" 
"C:\Users\eshor\Documents\ACF_consulting\files_test\20218936_11052021_invitation_for_public_comment_on_referral\2021-8936 Att 5 HDD Drawing.pdf" 
"C:\Users\eshor\Documents\ACF_consulting\files_test\20218936_11052021_invitation_for_public_comment_on_referral\2021-8936 Att 6 CEMF framework.pdf" 
"C:\Users\eshor\Documents\ACF_consulting\files_test\20218936_11052021_invitation_for_public_comment_on_referral\2021-8936 Att 7 No Significant Impact.pdf" 
