"C:\Users\eshor\Documents\ACF_consulting\files_test\20208836_16042021_invitation_for_public_comment_on_referral\2020-8836 - referral.pdf" 
"C:\Users\eshor\Documents\ACF_consulting\files_test\20208836_16042021_invitation_for_public_comment_on_referral\2020-8836 08250_Referral_Report_2_Final.pdf" 
"C:\Users\eshor\Documents\ACF_consulting\files_test\20208836_16042021_invitation_for_public_comment_on_referral\2020-8836 DevelopmentConcept.pdf" 
"C:\Users\eshor\Documents\ACF_consulting\files_test\20208836_16042021_invitation_for_public_comment_on_referral\2020-8836 EnvironmentalManagementSystem.pdf" 
"C:\Users\eshor\Documents\ACF_consulting\files_test\20208836_16042021_invitation_for_public_comment_on_referral\2020-8836 EnvironmentalPolicy.pdf" 
"C:\Users\eshor\Documents\ACF_consulting\files_test\20208836_16042021_invitation_for_public_comment_on_referral\2020-8836 kapart1_BEA09b_oct20.pdf" 
"C:\Users\eshor\Documents\ACF_consulting\files_test\20208836_16042021_invitation_for_public_comment_on_referral\2020-8836 kapart2_BEA09b_oct20.pdf" 
