"C:\Users\eshor\Documents\ACF_consulting\files_test\20218920_20052021_invitation_for_public_comment_on_referral\2021-8920 - referral.pdf" 
"C:\Users\eshor\Documents\ACF_consulting\files_test\20218920_20052021_invitation_for_public_comment_on_referral\2021-8920 6_MCPL_Environment_and_Cultural_Heritage_Policy.pdf" 
"C:\Users\eshor\Documents\ACF_consulting\files_test\20218920_20052021_invitation_for_public_comment_on_referral\2021-8920 Att-1_Figures_1-8_Combined.pdf" 
"C:\Users\eshor\Documents\ACF_consulting\files_test\20218920_20052021_invitation_for_public_comment_on_referral\2021-8920 Att_EA_EPML00716913.pdf" 
"C:\Users\eshor\Documents\ACF_consulting\files_test\20218920_20052021_invitation_for_public_comment_on_referral\2021-8920 EVA_1a_EVA_Main Text_Part_1.pdf" 
"C:\Users\eshor\Documents\ACF_consulting\files_test\20218920_20052021_invitation_for_public_comment_on_referral\2021-8920 EVA_1b_EVA_Main Text_Part_2.pdf" 
"C:\Users\eshor\Documents\ACF_consulting\files_test\20218920_20052021_invitation_for_public_comment_on_referral\2021-8920 EVA_2a_Surface_Water_Assessment_Part_1.pdf" 
"C:\Users\eshor\Documents\ACF_consulting\files_test\20218920_20052021_invitation_for_public_comment_on_referral\2021-8920 EVA_2b_Surface_Water_Assessment_Part_2.pdf" 
"C:\Users\eshor\Documents\ACF_consulting\files_test\20218920_20052021_invitation_for_public_comment_on_referral\2021-8920 EVA_2c_Surface_Water_Assessment_Part_3.pdf" 
"C:\Users\eshor\Documents\ACF_consulting\files_test\20218920_20052021_invitation_for_public_comment_on_referral\2021-8920 EVA_3a_Groundwater_Assessment_Part_1.pdf" 
"C:\Users\eshor\Documents\ACF_consulting\files_test\20218920_20052021_invitation_for_public_comment_on_referral\2021-8920 EVA_3b_Groundwater_Assessment_Part_2.pdf" 
"C:\Users\eshor\Documents\ACF_consulting\files_test\20218920_20052021_invitation_for_public_comment_on_referral\2021-8920 EVA_3c_Groundwater_Assessment_Part_3.pdf" 
"C:\Users\eshor\Documents\ACF_consulting\files_test\20218920_20052021_invitation_for_public_comment_on_referral\2021-8920 EVA_3d_Groundwater_Assessment_Part_4.pdf" 
"C:\Users\eshor\Documents\ACF_consulting\files_test\20218920_20052021_invitation_for_public_comment_on_referral\2021-8920 EVA_3e_Groundwater_Assessment_Part_5.pdf" 
"C:\Users\eshor\Documents\ACF_consulting\files_test\20218920_20052021_invitation_for_public_comment_on_referral\2021-8920 EVA_4a_Terrestrial_Ecology_Assessment_Part_1.pdf" 
"C:\Users\eshor\Documents\ACF_consulting\files_test\20218920_20052021_invitation_for_public_comment_on_referral\2021-8920 EVA_4b_Terrestrial_Ecology_Assessment_Part_2.pdf" 
"C:\Users\eshor\Documents\ACF_consulting\files_test\20218920_20052021_invitation_for_public_comment_on_referral\2021-8920 EVA_5a_Aquatic_Ecology_Assessment_Part_1.pdf" 
"C:\Users\eshor\Documents\ACF_consulting\files_test\20218920_20052021_invitation_for_public_comment_on_referral\2021-8920 EVA_5b_Aquatic_Ecology_Assessment_Part_2.pdf" 
"C:\Users\eshor\Documents\ACF_consulting\files_test\20218920_20052021_invitation_for_public_comment_on_referral\2021-8920 EVA_6_Air_Quality_and_Greenhouse_Gas_Assessment.pdf" 
"C:\Users\eshor\Documents\ACF_consulting\files_test\20218920_20052021_invitation_for_public_comment_on_referral\2021-8920 EVA_7_Noise_Assessment.pdf" 
"C:\Users\eshor\Documents\ACF_consulting\files_test\20218920_20052021_invitation_for_public_comment_on_referral\2021-8920 EVA_9.Att2_Groundwater_Model_Peer_Review_Lttr.pdf" 
"C:\Users\eshor\Documents\ACF_consulting\files_test\20218920_20052021_invitation_for_public_comment_on_referral\2021-8920 Koala_Greater_Glider_MNES_Assessment.pdf" 
