"C:\Users\eshor\Documents\ACF_consulting\files_test\20218933_05052021_invitation_for_public_comment_on_referral\2021-8933 - referral.pdf" 
"C:\Users\eshor\Documents\ACF_consulting\files_test\20218933_05052021_invitation_for_public_comment_on_referral\2021-8933 Attachment A - Figures.pdf" 
"C:\Users\eshor\Documents\ACF_consulting\files_test\20218933_05052021_invitation_for_public_comment_on_referral\2021-8933 Attachment B - Flora and Vegetation Assessment.pdf" 
"C:\Users\eshor\Documents\ACF_consulting\files_test\20218933_05052021_invitation_for_public_comment_on_referral\2021-8933 Attachment C - Basic Fauna and Targeted Black Cockatoo Assessment.pdf" 
"C:\Users\eshor\Documents\ACF_consulting\files_test\20218933_05052021_invitation_for_public_comment_on_referral\2021-8933 Attachment D - QUBE Sustainability Report 2020.pdf" 
"C:\Users\eshor\Documents\ACF_consulting\files_test\20218933_05052021_invitation_for_public_comment_on_referral\2021-8933 Attachment E - Safety Health and Sustainability Policy.pdf" 
