"C:\Users\eshor\Documents\ACF_consulting\files_test\20218950_24052021_invitation_for_public_comment_on_referral\2021-8950 - referral.pdf" 
"C:\Users\eshor\Documents\ACF_consulting\files_test\20218950_24052021_invitation_for_public_comment_on_referral\2021-8950 Attachment 1 - Heritage Assessment - NLA Forecourt Poplars 2017.PDF" 
"C:\Users\eshor\Documents\ACF_consulting\files_test\20218950_24052021_invitation_for_public_comment_on_referral\2021-8950 Attachment 2 - HIA - Replacement of Poplars at NLA Forecourt.PDF" 
"C:\Users\eshor\Documents\ACF_consulting\files_test\20218950_24052021_invitation_for_public_comment_on_referral\2021-8950 Attachment 3 - NLA Forecourt Soil Report - 2018.pdf" 
"C:\Users\eshor\Documents\ACF_consulting\files_test\20218950_24052021_invitation_for_public_comment_on_referral\2021-8950 Attachment 4 - Works drawings.pdf" 
"C:\Users\eshor\Documents\ACF_consulting\files_test\20218950_24052021_invitation_for_public_comment_on_referral\2021-8950 Attachment 5 - National Capital Plan 2021.pdf" 
"C:\Users\eshor\Documents\ACF_consulting\files_test\20218950_24052021_invitation_for_public_comment_on_referral\2021-8950 Attachment 7 - NCA Tree Management Policy May 2021.pdf" 
"C:\Users\eshor\Documents\ACF_consulting\files_test\20218950_24052021_invitation_for_public_comment_on_referral\2021-8950 Attachment 8 - Parliament House Vista HMP Vol 1.PDF" 
"C:\Users\eshor\Documents\ACF_consulting\files_test\20218950_24052021_invitation_for_public_comment_on_referral\2021-8950 Attachment 8 - Parliament House Vista HMP Vol 2.PDF" 
