"C:\Users\eshor\Documents\ACF_consulting\files_test\20218967_10062021_invitation_for_public_comment_on_referral\2021-8967 - referral.pdf" 
"C:\Users\eshor\Documents\ACF_consulting\files_test\20218967_10062021_invitation_for_public_comment_on_referral\2021-8967 Att1-RegionalLocation.pdf" 
"C:\Users\eshor\Documents\ACF_consulting\files_test\20218967_10062021_invitation_for_public_comment_on_referral\2021-8967 Att2-DevelopementEnvelope.pdf" 
"C:\Users\eshor\Documents\ACF_consulting\files_test\20218967_10062021_invitation_for_public_comment_on_referral\2021-8967 Att3- Biological Survey - Ecoscape 2018.pdf" 
"C:\Users\eshor\Documents\ACF_consulting\files_test\20218967_10062021_invitation_for_public_comment_on_referral\2021-8967 Att4- Biological Survey - Ecoscape 2021.pdf" 
"C:\Users\eshor\Documents\ACF_consulting\files_test\20218967_10062021_invitation_for_public_comment_on_referral\2021-8967 Att5- Main Roads Environmental Policy.pdf" 
"C:\Users\eshor\Documents\ACF_consulting\files_test\20218967_10062021_invitation_for_public_comment_on_referral\2021-8967 Att6- Main Roads EMS Cert.pdf" 
