"C:\Users\eshor\Documents\ACF_consulting\files_test\20198569_21042021_notification_of_variation_to_proposal\2019-8569-Variation-to-Proposal-Attachment-1.pdf" 
"C:\Users\eshor\Documents\ACF_consulting\files_test\20198569_21042021_notification_of_variation_to_proposal\2019-8569-Variation-to-Proposal-Attachment-2-1.pdf" 
"C:\Users\eshor\Documents\ACF_consulting\files_test\20198569_21042021_notification_of_variation_to_proposal\2019-8569-Variation-to-Proposal-Attachment-2-2.pdf" 
"C:\Users\eshor\Documents\ACF_consulting\files_test\20198569_21042021_notification_of_variation_to_proposal\2019-8569-Variation-to-Proposal-Attachment-2-3.pdf" 
"C:\Users\eshor\Documents\ACF_consulting\files_test\20198569_21042021_notification_of_variation_to_proposal\2019-8569-Variation-to-Proposal-Attachment-2-4.pdf" 
"C:\Users\eshor\Documents\ACF_consulting\files_test\20198569_21042021_notification_of_variation_to_proposal\2019-8569-Variation-to-Proposal-Attachment-3.pdf" 
"C:\Users\eshor\Documents\ACF_consulting\files_test\20198569_21042021_notification_of_variation_to_proposal\2019-8569-Variation-to-Proposal-Attachment-4-1.pdf" 
"C:\Users\eshor\Documents\ACF_consulting\files_test\20198569_21042021_notification_of_variation_to_proposal\2019-8569-Variation-to-Proposal-Attachment-4-2.pdf" 
"C:\Users\eshor\Documents\ACF_consulting\files_test\20198569_21042021_notification_of_variation_to_proposal\2019-8569-Variation-to-Proposal-Attachment-4-3.pdf" 
"C:\Users\eshor\Documents\ACF_consulting\files_test\20198569_21042021_notification_of_variation_to_proposal\2019-8569-Variation-to-Proposal-Attachment-4-4.pdf" 
"C:\Users\eshor\Documents\ACF_consulting\files_test\20198569_21042021_notification_of_variation_to_proposal\2019-8569-Variation-to-Proposal-Decision.pdf" 
"C:\Users\eshor\Documents\ACF_consulting\files_test\20198569_21042021_notification_of_variation_to_proposal\2019-8569-Variation-to-Proposal-Request.pdf" 
