"C:\Users\eshor\Documents\ACF_consulting\files_test\20218905_24032021_invitation_for_public_comment_on_referral\2021-8905 - referral.pdf" 
"C:\Users\eshor\Documents\ACF_consulting\files_test\20218905_24032021_invitation_for_public_comment_on_referral\2021-8905 20-326_DoughboyLayout_1of4.pdf" 
"C:\Users\eshor\Documents\ACF_consulting\files_test\20218905_24032021_invitation_for_public_comment_on_referral\2021-8905 20-326_DoughboyLayout_2of4.pdf" 
"C:\Users\eshor\Documents\ACF_consulting\files_test\20218905_24032021_invitation_for_public_comment_on_referral\2021-8905 20-326_DoughboyLayout_3of4.pdf" 
"C:\Users\eshor\Documents\ACF_consulting\files_test\20218905_24032021_invitation_for_public_comment_on_referral\2021-8905 20-326_DoughboyLayout_4of4.pdf" 
"C:\Users\eshor\Documents\ACF_consulting\files_test\20218905_24032021_invitation_for_public_comment_on_referral\2021-8905 A.1 20-326_Project Boundary_16022021.pdf" 
"C:\Users\eshor\Documents\ACF_consulting\files_test\20218905_24032021_invitation_for_public_comment_on_referral\2021-8905 A.2 20-326_PCT_16022021.pdf" 
"C:\Users\eshor\Documents\ACF_consulting\files_test\20218905_24032021_invitation_for_public_comment_on_referral\2021-8905 A.3 Affected lots.pdf" 
"C:\Users\eshor\Documents\ACF_consulting\files_test\20218905_24032021_invitation_for_public_comment_on_referral\2021-8905 A.4 20-326 Greater Glider Habitat 19022021.pdf" 
"C:\Users\eshor\Documents\ACF_consulting\files_test\20218905_24032021_invitation_for_public_comment_on_referral\2021-8905 A.4 20-326 Koala Habitat 19022021.pdf" 
"C:\Users\eshor\Documents\ACF_consulting\files_test\20218905_24032021_invitation_for_public_comment_on_referral\2021-8905 A.4 20-326 Quoll Habitat 19022021.pdf" 
"C:\Users\eshor\Documents\ACF_consulting\files_test\20218905_24032021_invitation_for_public_comment_on_referral\2021-8905 A.4 20-326 TEC 19022021.pdf" 
"C:\Users\eshor\Documents\ACF_consulting\files_test\20218905_24032021_invitation_for_public_comment_on_referral\2021-8905 A.5_20-326_Doughboy_SEARs.pdf" 
"C:\Users\eshor\Documents\ACF_consulting\files_test\20218905_24032021_invitation_for_public_comment_on_referral\2021-8905 A.6_Doughboy Wind Farm Scoping Report_V2_2021-03-23.pdf" 
"C:\Users\eshor\Documents\ACF_consulting\files_test\20218905_24032021_invitation_for_public_comment_on_referral\2021-8905 A.7_Epuron - Clean Energy Council Best Practice Charter.pdf" 
"C:\Users\eshor\Documents\ACF_consulting\files_test\20218905_24032021_invitation_for_public_comment_on_referral\2021-8905 Doughboy Wind Farm Scoping Report.pdf" 
