"C:\Users\eshor\Documents\ACF_consulting\files_test\20218926_21042021_invitation_for_public_comment_on_referral\2021-8926 - referral.pdf" 
"C:\Users\eshor\Documents\ACF_consulting\files_test\20218926_21042021_invitation_for_public_comment_on_referral\2021-8926 Att 1 -Study area and propsoed impact.pdf" 
"C:\Users\eshor\Documents\ACF_consulting\files_test\20218926_21042021_invitation_for_public_comment_on_referral\2021-8926 Att 2 - Aboriginal Cultural Heritage Assessment report Biosis 2020.pdf" 
"C:\Users\eshor\Documents\ACF_consulting\files_test\20218926_21042021_invitation_for_public_comment_on_referral\2021-8926 Att 3 - SSDA Consent.pdf" 
"C:\Users\eshor\Documents\ACF_consulting\files_test\20218926_21042021_invitation_for_public_comment_on_referral\2021-8926 Att 4 - BDAR Ecoplanning 2020 v2-2021-04-20.pdf" 
"C:\Users\eshor\Documents\ACF_consulting\files_test\20218926_21042021_invitation_for_public_comment_on_referral\2021-8926 Att 5 - Aquatic Ecosystem Assessment CTENVIRONMENTAL 2019 v2-2021-04-20.pdf" 
"C:\Users\eshor\Documents\ACF_consulting\files_test\20218926_21042021_invitation_for_public_comment_on_referral\2021-8926 Att 6 - Construction Environmental Management Plan SLR - Part 1.pdf" 
"C:\Users\eshor\Documents\ACF_consulting\files_test\20218926_21042021_invitation_for_public_comment_on_referral\2021-8926 Att 6 - Construction Environmental Management Plan SLR - Part 2.pdf" 
"C:\Users\eshor\Documents\ACF_consulting\files_test\20218926_21042021_invitation_for_public_comment_on_referral\2021-8926 Att 7 - Statement of Heritage Impact Biosis 2018.pdf" 
