"C:\Users\eshor\Documents\ACF_consulting\files_test\20218917_31032021_invitation_for_public_comment_on_referral\2021-8917 - referral.pdf" 
"C:\Users\eshor\Documents\ACF_consulting\files_test\20218917_31032021_invitation_for_public_comment_on_referral\2021-8917 Att 1-Figures 1-3_20210330.pdf" 
"C:\Users\eshor\Documents\ACF_consulting\files_test\20218917_31032021_invitation_for_public_comment_on_referral\2021-8917 Att 2-Lot 2001 WAPC Subdivision Approval Letter.pdf" 
"C:\Users\eshor\Documents\ACF_consulting\files_test\20218917_31032021_invitation_for_public_comment_on_referral\2021-8917 Att 3-ELA 2021a Flora vegetation and Cockatoo survey report.pdf" 
"C:\Users\eshor\Documents\ACF_consulting\files_test\20218917_31032021_invitation_for_public_comment_on_referral\2021-8917 Att 4-ATA 2007 Flora Vegetation and Fauna survey report.pdf" 
"C:\Users\eshor\Documents\ACF_consulting\files_test\20218917_31032021_invitation_for_public_comment_on_referral\2021-8917 Att 5-ELA 2013 Flora and Fauna Technical Studies report.pdf" 
"C:\Users\eshor\Documents\ACF_consulting\files_test\20218917_31032021_invitation_for_public_comment_on_referral\2021-8917 Att 6-ELA 2021b Caladenia huegellii targeted survey report.pdf" 
"C:\Users\eshor\Documents\ACF_consulting\files_test\20218917_31032021_invitation_for_public_comment_on_referral\2021-8917 Att 7-DevelopmentWA 2021 Environmental asset protection and enhancement.pdf" 
"C:\Users\eshor\Documents\ACF_consulting\files_test\20218917_31032021_invitation_for_public_comment_on_referral\2021-8917 Att 8-Neerabup Industrial Area Structure Plan-Appendix 1.pdf" 
