"C:\Users\eshor\Documents\ACF_consulting\files_test\20218931_05052021_invitation_for_public_comment_on_referral\2021-8931 - referral.pdf" 
"C:\Users\eshor\Documents\ACF_consulting\files_test\20218931_05052021_invitation_for_public_comment_on_referral\2021-8931 Att 5_Existing Planning Approval for Quarrying Use_1995_21041312160.pdf" 
"C:\Users\eshor\Documents\ACF_consulting\files_test\20218931_05052021_invitation_for_public_comment_on_referral\2021-8931 Att1_6003_Ecological Assessment Report_Final V2.pdf" 
"C:\Users\eshor\Documents\ACF_consulting\files_test\20218931_05052021_invitation_for_public_comment_on_referral\2021-8931 Att2_PR4768-RE.Koala SAT survey Peachey Road Luscombe.R4.pdf" 
"C:\Users\eshor\Documents\ACF_consulting\files_test\20218931_05052021_invitation_for_public_comment_on_referral\2021-8931 Att3_PR4768-RE.Peachey Road Fauna Management Plan.R3.pdf" 
"C:\Users\eshor\Documents\ACF_consulting\files_test\20218931_05052021_invitation_for_public_comment_on_referral\2021-8931 Att4_PR4768-RE_Flora_survey_report_Peachey_Rd_R3.pdf" 
