"C:\Users\eshor\Documents\ACF_consulting\files_test\20218890_20042021_invitation_for_public_comment_on_referral\2021-8890 - referral.pdf" 
"C:\Users\eshor\Documents\ACF_consulting\files_test\20218890_20042021_invitation_for_public_comment_on_referral\2021-8890 Att A-Proposed lot layout.pdf" 
"C:\Users\eshor\Documents\ACF_consulting\files_test\20218890_20042021_invitation_for_public_comment_on_referral\2021-8890 Att B-Site context map.pdf" 
"C:\Users\eshor\Documents\ACF_consulting\files_test\20218890_20042021_invitation_for_public_comment_on_referral\2021-8890 Att C-Developable Footprint and Mitigation Areas NCE 2020.pdf" 
"C:\Users\eshor\Documents\ACF_consulting\files_test\20218890_20042021_invitation_for_public_comment_on_referral\2021-8890 Att D-SDA approval AP2019-005.pdf" 
"C:\Users\eshor\Documents\ACF_consulting\files_test\20218890_20042021_invitation_for_public_comment_on_referral\2021-8890 Att E-Ecological assessment report GHD 2020.pdf" 
"C:\Users\eshor\Documents\ACF_consulting\files_test\20218890_20042021_invitation_for_public_comment_on_referral\2021-8890 Att F-Aurizon environmental policy AZJ 2018.pdf" 
