"C:\Users\eshor\Documents\ACF_consulting\files_test\20218966_07062021_invitation_for_public_comment_on_referral\2021-8966 - referral.pdf" 
"C:\Users\eshor\Documents\ACF_consulting\files_test\20218966_07062021_invitation_for_public_comment_on_referral\2021-8966 App_A_ VIC_Project_Specs.pdf" 
"C:\Users\eshor\Documents\ACF_consulting\files_test\20218966_07062021_invitation_for_public_comment_on_referral\2021-8966 App_B_Prelim_Marine_Enviro_Assessment.pdf" 
"C:\Users\eshor\Documents\ACF_consulting\files_test\20218966_07062021_invitation_for_public_comment_on_referral\2021-8966 App_C_Terrestrial_MNES_Supporting_Information.pdf" 
"C:\Users\eshor\Documents\ACF_consulting\files_test\20218966_07062021_invitation_for_public_comment_on_referral\2021-8966 App_D_Prelim_ERR.pdf" 
"C:\Users\eshor\Documents\ACF_consulting\files_test\20218966_07062021_invitation_for_public_comment_on_referral\2021-8966 App_E_Australis_Energy_HSE_Policy.pdf" 
"C:\Users\eshor\Documents\ACF_consulting\files_test\20218966_07062021_invitation_for_public_comment_on_referral\2021-8966 Figure _1_Project_Overview.pdf" 
