"C:\Users\eshor\Documents\ACF_consulting\files_test\20218910_20052021_invitation_for_public_comment_on_referral\2021-8910 - referral.pdf" 
"C:\Users\eshor\Documents\ACF_consulting\files_test\20218910_20052021_invitation_for_public_comment_on_referral\2021-8910 Att A.1  Ecological  Assessment Part1.pdf" 
"C:\Users\eshor\Documents\ACF_consulting\files_test\20218910_20052021_invitation_for_public_comment_on_referral\2021-8910 Att B.1 Ecological  Assessment Part2.pdf" 
"C:\Users\eshor\Documents\ACF_consulting\files_test\20218910_20052021_invitation_for_public_comment_on_referral\2021-8910 Att C.1 Ecological  Assessment Part3.pdf" 
"C:\Users\eshor\Documents\ACF_consulting\files_test\20218910_20052021_invitation_for_public_comment_on_referral\2021-8910 Att D.1 Ecological  Assessment Report Part4.pdf" 
"C:\Users\eshor\Documents\ACF_consulting\files_test\20218910_20052021_invitation_for_public_comment_on_referral\2021-8910 Att E MFEP Cultural Heritage.pdf" 
"C:\Users\eshor\Documents\ACF_consulting\files_test\20218910_20052021_invitation_for_public_comment_on_referral\2021-8910 Att F Surface Water Statement.pdf" 
"C:\Users\eshor\Documents\ACF_consulting\files_test\20218910_20052021_invitation_for_public_comment_on_referral\2021-8910 Site footprint.pdf" 
