"C:\Users\eshor\Documents\ACF_consulting\files_test\20218897_20042021_invitation_for_public_comment_on_referral\2021-8897 - referral.pdf" 
"C:\Users\eshor\Documents\ACF_consulting\files_test\20218897_20042021_invitation_for_public_comment_on_referral\2021-8897 Att1-McPhee Creek Fauna Survey v6.pdf" 
"C:\Users\eshor\Documents\ACF_consulting\files_test\20218897_20042021_invitation_for_public_comment_on_referral\2021-8897 Att2-McPhee Flora and Vegetation Survey.pdf" 
"C:\Users\eshor\Documents\ACF_consulting\files_test\20218897_20042021_invitation_for_public_comment_on_referral\2021-8897 Att3-PMST report.pdf" 
"C:\Users\eshor\Documents\ACF_consulting\files_test\20218897_20042021_invitation_for_public_comment_on_referral\2021-8897 Att4-Atlas HSE Policy.pdf" 
"C:\Users\eshor\Documents\ACF_consulting\files_test\20218897_20042021_invitation_for_public_comment_on_referral\2021-8897 Fig_1_EPBC_Regional_Location_20210210.pdf" 
"C:\Users\eshor\Documents\ACF_consulting\files_test\20218897_20042021_invitation_for_public_comment_on_referral\2021-8897 Fig_2_EPBC_DevelopmentEnvelope_20210210.pdf" 
"C:\Users\eshor\Documents\ACF_consulting\files_test\20218897_20042021_invitation_for_public_comment_on_referral\2021-8897 Fig_3_EPBC_FaunaHabitat_20210120.pdf" 
"C:\Users\eshor\Documents\ACF_consulting\files_test\20218897_20042021_invitation_for_public_comment_on_referral\2021-8897 Fig_4_EPBC_NorthernQuoll_20210120.pdf" 
"C:\Users\eshor\Documents\ACF_consulting\files_test\20218897_20042021_invitation_for_public_comment_on_referral\2021-8897 Fig_5_EPBC_PilbaraLeafNosedBat_20210120.pdf" 
"C:\Users\eshor\Documents\ACF_consulting\files_test\20218897_20042021_invitation_for_public_comment_on_referral\2021-8897 Fig_6_EPBC_GhostBat_20210120.pdf" 
"C:\Users\eshor\Documents\ACF_consulting\files_test\20218897_20042021_invitation_for_public_comment_on_referral\2021-8897 Fig_7_EPBC_POP_20210120.pdf" 
"C:\Users\eshor\Documents\ACF_consulting\files_test\20218897_20042021_invitation_for_public_comment_on_referral\2021-8897 Fig_8_EPBC_Bilby_20210120.pdf" 
