"C:\Users\eshor\Documents\ACF_consulting\files_test\20218961_01062021_invitation_for_public_comment_on_referral\2021-8961 - referral.pdf" 
"C:\Users\eshor\Documents\ACF_consulting\files_test\20218961_01062021_invitation_for_public_comment_on_referral\2021-8961 App A Figure 1 Project location V2.pdf" 
"C:\Users\eshor\Documents\ACF_consulting\files_test\20218961_01062021_invitation_for_public_comment_on_referral\2021-8961 App_A_Project_Specs_WA.pdf" 
"C:\Users\eshor\Documents\ACF_consulting\files_test\20218961_01062021_invitation_for_public_comment_on_referral\2021-8961 App_B_Prelim_Marine_Environmental_Assessment.pdf" 
"C:\Users\eshor\Documents\ACF_consulting\files_test\20218961_01062021_invitation_for_public_comment_on_referral\2021-8961 App_C_MNES_Terrestrial_Supporting_Information.pdf" 
"C:\Users\eshor\Documents\ACF_consulting\files_test\20218961_01062021_invitation_for_public_comment_on_referral\2021-8961 App_D_Prelim_ERR.pdf" 
"C:\Users\eshor\Documents\ACF_consulting\files_test\20218961_01062021_invitation_for_public_comment_on_referral\2021-8961 App_E_Australis_Energy_HSE_Policy.pdf" 
