"C:\Users\eshor\Documents\ACF_consulting\files_test\20218901_03052021_invitation_for_public_comment_on_referral\2021-8901 - referral.pdf" 
"C:\Users\eshor\Documents\ACF_consulting\files_test\20218901_03052021_invitation_for_public_comment_on_referral\2021-8901 Appendix_A.1_Estimated_Zones_Indirect_Impact.pdf" 
"C:\Users\eshor\Documents\ACF_consulting\files_test\20218901_03052021_invitation_for_public_comment_on_referral\2021-8901 Appendix_A.2_Final_Project_Footprint.pdf" 
"C:\Users\eshor\Documents\ACF_consulting\files_test\20218901_03052021_invitation_for_public_comment_on_referral\2021-8901 Appendix_A.3_Impacts_Requiring_Offsets_Map_1.pdf" 
"C:\Users\eshor\Documents\ACF_consulting\files_test\20218901_03052021_invitation_for_public_comment_on_referral\2021-8901 Appendix_A.3_Impacts_Requiring_Offsets_Map_2.pdf" 
"C:\Users\eshor\Documents\ACF_consulting\files_test\20218901_03052021_invitation_for_public_comment_on_referral\2021-8901 Appendix_A.4_Site_MAP_Jindera_Solar_Farm.pdf" 
"C:\Users\eshor\Documents\ACF_consulting\files_test\20218901_03052021_invitation_for_public_comment_on_referral\2021-8901 Appendix_A.5_Threatened_Species_Survey_Map_1 .pdf" 
"C:\Users\eshor\Documents\ACF_consulting\files_test\20218901_03052021_invitation_for_public_comment_on_referral\2021-8901 Appendix_A.5_Threatened_Species_Survey_Map_2.pdf" 
"C:\Users\eshor\Documents\ACF_consulting\files_test\20218901_03052021_invitation_for_public_comment_on_referral\2021-8901 Appendix_A.6_Vegetation_Zones.pdf" 
"C:\Users\eshor\Documents\ACF_consulting\files_test\20218901_03052021_invitation_for_public_comment_on_referral\2021-8901 Appendix_B.1_JSF_Environment_Policy_Rev1_executed.pdf" 
"C:\Users\eshor\Documents\ACF_consulting\files_test\20218901_03052021_invitation_for_public_comment_on_referral\2021-8901 Appendix_B.2_JSF_WHS_Policy_Rev1_executed.pdf" 
"C:\Users\eshor\Documents\ACF_consulting\files_test\20218901_03052021_invitation_for_public_comment_on_referral\2021-8901 Appendix_C.1_JSF_BDAR_V3_Final_240620.pdf" 
"C:\Users\eshor\Documents\ACF_consulting\files_test\20218901_03052021_invitation_for_public_comment_on_referral\2021-8901 Appendix_C.2_JSF_EPBC_Additional_TOS_010221.pdf" 
"C:\Users\eshor\Documents\ACF_consulting\files_test\20218901_03052021_invitation_for_public_comment_on_referral\2021-8901 Attachment _D.1_Jindera Solar Farm - EIS Final V1.0.pdf" 
"C:\Users\eshor\Documents\ACF_consulting\files_test\20218901_03052021_invitation_for_public_comment_on_referral\2021-8901 Attachment_D.2_ JSF Final Development Consent.pdf" 
