"C:\Users\eshor\Documents\ACF_consulting\files_test\20218913_21042021_invitation_for_public_comment_on_referral\2021-8913 - referral.pdf" 
"C:\Users\eshor\Documents\ACF_consulting\files_test\20218913_21042021_invitation_for_public_comment_on_referral\2021-8913 Att1_Maroota_Draft Eco Report_CumberlandEcology.pdf" 
"C:\Users\eshor\Documents\ACF_consulting\files_test\20218913_21042021_invitation_for_public_comment_on_referral\2021-8913 Att4_16255_MarootaSands_EPBC_Referral_v2.pdf" 
"C:\Users\eshor\Documents\ACF_consulting\files_test\20218913_21042021_invitation_for_public_comment_on_referral\2021-8913 Att5_Maroota_Letter of Consultation_Scoping.pdf" 
"C:\Users\eshor\Documents\ACF_consulting\files_test\20218913_21042021_invitation_for_public_comment_on_referral\2021-8913 Att7_Deerubbin_LALC_Community _Land_and_Business_Plan.pdf" 
"C:\Users\eshor\Documents\ACF_consulting\files_test\20218913_21042021_invitation_for_public_comment_on_referral\2021-8913 Att_3_Maroota_SEARs.pdf" 
"C:\Users\eshor\Documents\ACF_consulting\files_test\20218913_21042021_invitation_for_public_comment_on_referral\2021-8913 Att_8_MarootaSands_Water Assessment_v1.pdf" 
