"C:\Users\eshor\Documents\ACF_consulting\files_test\20218896_29032021_invitation_for_public_comment_on_referral\2021-8896 - referral.pdf" 
"C:\Users\eshor\Documents\ACF_consulting\files_test\20218896_29032021_invitation_for_public_comment_on_referral\2021-8896 Att 1 - Site maps.pdf" 
"C:\Users\eshor\Documents\ACF_consulting\files_test\20218896_29032021_invitation_for_public_comment_on_referral\2021-8896 Att 2. MNES maps.pdf" 
"C:\Users\eshor\Documents\ACF_consulting\files_test\20218896_29032021_invitation_for_public_comment_on_referral\2021-8896 Att 3 - Development Application.pdf" 
"C:\Users\eshor\Documents\ACF_consulting\files_test\20218896_29032021_invitation_for_public_comment_on_referral\2021-8896 Att 4 - HCN Notice of Intent.pdf" 
"C:\Users\eshor\Documents\ACF_consulting\files_test\20218896_29032021_invitation_for_public_comment_on_referral\2021-8896 Att 5 - Environmental Effects Report.pdf" 
"C:\Users\eshor\Documents\ACF_consulting\files_test\20218896_29032021_invitation_for_public_comment_on_referral\2021-8896 Att 6. Natural Values Assessment_V2-2021-03-24.pdf" 
"C:\Users\eshor\Documents\ACF_consulting\files_test\20218896_29032021_invitation_for_public_comment_on_referral\2021-8896 Att 7- Den Management protocol.pdf" 
"C:\Users\eshor\Documents\ACF_consulting\files_test\20218896_29032021_invitation_for_public_comment_on_referral\2021-8896 Att 9. Environment Policy.pdf.pdf" 
