"C:\Users\eshor\Documents\ACF_consulting\files_test\20218930_01062021_invitation_for_public_comment_on_referral\2021-8930 - referral.pdf" 
"C:\Users\eshor\Documents\ACF_consulting\files_test\20218930_01062021_invitation_for_public_comment_on_referral\2021-8930 2013-7038-Approval-Decision.pdf" 
"C:\Users\eshor\Documents\ACF_consulting\files_test\20218930_01062021_invitation_for_public_comment_on_referral\2021-8930 2013-7038-Statement-of-Reasons.pdf" 
"C:\Users\eshor\Documents\ACF_consulting\files_test\20218930_01062021_invitation_for_public_comment_on_referral\2021-8930 APPENDICES A-B.pdf" 
"C:\Users\eshor\Documents\ACF_consulting\files_test\20218930_01062021_invitation_for_public_comment_on_referral\2021-8930 APPENDIX L-M.pdf" 
"C:\Users\eshor\Documents\ACF_consulting\files_test\20218930_01062021_invitation_for_public_comment_on_referral\2021-8930 APPENDIX N.pdf" 
"C:\Users\eshor\Documents\ACF_consulting\files_test\20218930_01062021_invitation_for_public_comment_on_referral\2021-8930 APPENDIX S.pdf" 
"C:\Users\eshor\Documents\ACF_consulting\files_test\20218930_01062021_invitation_for_public_comment_on_referral\2021-8930 assmp-proposed-turtle-cove-retirement-village_c_s.pdf" 
"C:\Users\eshor\Documents\ACF_consulting\files_test\20218930_01062021_invitation_for_public_comment_on_referral\2021-8930 EPBC 20137038 STATE_APPROVAL.pdf" 
"C:\Users\eshor\Documents\ACF_consulting\files_test\20218930_01062021_invitation_for_public_comment_on_referral\2021-8930 FINAL RESPONSE.pdf" 
"C:\Users\eshor\Documents\ACF_consulting\files_test\20218930_01062021_invitation_for_public_comment_on_referral\2021-8930 OPTION 3 FULL SITE  14042021.pdf" 
"C:\Users\eshor\Documents\ACF_consulting\files_test\20218930_01062021_invitation_for_public_comment_on_referral\2021-8930 referral-form.pdf" 
"C:\Users\eshor\Documents\ACF_consulting\files_test\20218930_01062021_invitation_for_public_comment_on_referral\2021-8930 tchrv_per_epbc2013_7038-2.pdf" 
"C:\Users\eshor\Documents\ACF_consulting\files_test\20218930_01062021_invitation_for_public_comment_on_referral\2021-8930 tchrv_per_epbc2013_7038-3.pdf" 
"C:\Users\eshor\Documents\ACF_consulting\files_test\20218930_01062021_invitation_for_public_comment_on_referral\2021-8930 tchrv_per_epbc2013_7038-4.pdf" 
"C:\Users\eshor\Documents\ACF_consulting\files_test\20218930_01062021_invitation_for_public_comment_on_referral\2021-8930 tchrv_per_epbc2013_7038.pdf" 
"C:\Users\eshor\Documents\ACF_consulting\files_test\20218930_01062021_invitation_for_public_comment_on_referral\2021-8930 tchrv_per_epbc2013_7038_remc_final_27072018.pdf" 
