"C:\Users\eshor\Documents\ACF_consulting\files_test\20218916_16042021_invitation_for_public_comment_on_referral\2021-8916 - referral.pdf" 
"C:\Users\eshor\Documents\ACF_consulting\files_test\20218916_16042021_invitation_for_public_comment_on_referral\2021-8916 BWF Attachment A1.pdf" 
"C:\Users\eshor\Documents\ACF_consulting\files_test\20218916_16042021_invitation_for_public_comment_on_referral\2021-8916 BWF Attachment A2.pdf" 
"C:\Users\eshor\Documents\ACF_consulting\files_test\20218916_16042021_invitation_for_public_comment_on_referral\2021-8916 BWF Attachment A3.pdf" 
"C:\Users\eshor\Documents\ACF_consulting\files_test\20218916_16042021_invitation_for_public_comment_on_referral\2021-8916 BWF Attachment A4.pdf" 
"C:\Users\eshor\Documents\ACF_consulting\files_test\20218916_16042021_invitation_for_public_comment_on_referral\2021-8916 BWF Attachment B1.pdf" 
"C:\Users\eshor\Documents\ACF_consulting\files_test\20218916_16042021_invitation_for_public_comment_on_referral\2021-8916 BWF Attachment B2.pdf" 
"C:\Users\eshor\Documents\ACF_consulting\files_test\20218916_16042021_invitation_for_public_comment_on_referral\2021-8916 BWF Attachment C1.pdf" 
"C:\Users\eshor\Documents\ACF_consulting\files_test\20218916_16042021_invitation_for_public_comment_on_referral\2021-8916 BWF Attachment C2.pdf" 
"C:\Users\eshor\Documents\ACF_consulting\files_test\20218916_16042021_invitation_for_public_comment_on_referral\2021-8916 BWF Attachment C3.pdf" 
"C:\Users\eshor\Documents\ACF_consulting\files_test\20218916_16042021_invitation_for_public_comment_on_referral\2021-8916 BWF Attachment D1.pdf" 
"C:\Users\eshor\Documents\ACF_consulting\files_test\20218916_16042021_invitation_for_public_comment_on_referral\2021-8916 Epuron Environmental Policy 2021.pdf" 
