"C:\Users\eshor\Documents\ACF_consulting\files_test\20208792_16042021_invitation_for_public_comment_on_referral\2020-8792 - referral.pdf" 
"C:\Users\eshor\Documents\ACF_consulting\files_test\20208792_16042021_invitation_for_public_comment_on_referral\2020-8792 12513708_RPT-2_Bookar_Take2 2.pdf" 
"C:\Users\eshor\Documents\ACF_consulting\files_test\20208792_16042021_invitation_for_public_comment_on_referral\2020-8792 EPBC Protected Matters Report.pdf" 
"C:\Users\eshor\Documents\ACF_consulting\files_test\20208792_16042021_invitation_for_public_comment_on_referral\2020-8792 GHD Hydro Report.pdf" 
"C:\Users\eshor\Documents\ACF_consulting\files_test\20208792_16042021_invitation_for_public_comment_on_referral\2020-8792 GHD Map.pdf" 
"C:\Users\eshor\Documents\ACF_consulting\files_test\20208792_16042021_invitation_for_public_comment_on_referral\2020-8792 Protected matters map.pdf" 
"C:\Users\eshor\Documents\ACF_consulting\files_test\20208792_16042021_invitation_for_public_comment_on_referral\2020-8792 SRW Notice of Decision and Statement of Reasons_Redacted.pdf" 
