"C:\Users\eshor\Documents\ACF_consulting\files_test\20218932_06052021_invitation_for_public_comment_on_referral\2021-8932 - referral.pdf" 
"C:\Users\eshor\Documents\ACF_consulting\files_test\20218932_06052021_invitation_for_public_comment_on_referral\2021-8932 App A-Environment Risk Assessment.pdf" 
"C:\Users\eshor\Documents\ACF_consulting\files_test\20218932_06052021_invitation_for_public_comment_on_referral\2021-8932 App B-Surface Hydrological Assessment.pdf" 
"C:\Users\eshor\Documents\ACF_consulting\files_test\20218932_06052021_invitation_for_public_comment_on_referral\2021-8932 App C-Flora and Fauna ReportV1.pdf" 
"C:\Users\eshor\Documents\ACF_consulting\files_test\20218932_06052021_invitation_for_public_comment_on_referral\2021-8932 App D-BFTR_Population and Mgt Assessment Report.pdf" 
"C:\Users\eshor\Documents\ACF_consulting\files_test\20218932_06052021_invitation_for_public_comment_on_referral\2021-8932 App E-Geotechnical Investigation Report.pdf" 
"C:\Users\eshor\Documents\ACF_consulting\files_test\20218932_06052021_invitation_for_public_comment_on_referral\2021-8932 App H-Draft Construction Environmental Management Plan.pdf" 
"C:\Users\eshor\Documents\ACF_consulting\files_test\20218932_06052021_invitation_for_public_comment_on_referral\2021-8932 App I-Draft ESCP.pdf" 
"C:\Users\eshor\Documents\ACF_consulting\files_test\20218932_06052021_invitation_for_public_comment_on_referral\2021-8932 App J-Contamination Assessment Report.pdf" 
"C:\Users\eshor\Documents\ACF_consulting\files_test\20218932_06052021_invitation_for_public_comment_on_referral\2021-8932 Att A EPBC Ref Support Doc.pdf" 
