"C:\Users\eshor\Documents\ACF_consulting\files_test\20218914_07052021_invitation_for_public_comment_on_referral\2021-8914 - referral.pdf" 
"C:\Users\eshor\Documents\ACF_consulting\files_test\20218914_07052021_invitation_for_public_comment_on_referral\2021-8914 Att A-MNES Supporting Report.pdf" 
"C:\Users\eshor\Documents\ACF_consulting\files_test\20218914_07052021_invitation_for_public_comment_on_referral\2021-8914 Att B-Figures 1 to 3.pdf" 
"C:\Users\eshor\Documents\ACF_consulting\files_test\20218914_07052021_invitation_for_public_comment_on_referral\2021-8914 Att C-REMP.pdf" 
"C:\Users\eshor\Documents\ACF_consulting\files_test\20218914_07052021_invitation_for_public_comment_on_referral\2021-8914 EPBC 2012-6615.pdf" 
"C:\Users\eshor\Documents\ACF_consulting\files_test\20218914_07052021_invitation_for_public_comment_on_referral\2021-8914 QLD Environmental Authority EPPG00928713.pdf" 
"C:\Users\eshor\Documents\ACF_consulting\files_test\20218914_07052021_invitation_for_public_comment_on_referral\2021-8914 Santos Environment Health and Safety Policy.pdf" 
