"C:\Users\eshor\Documents\ACF_consulting\files_test\20218937_17052021_invitation_for_public_comment_on_referral\2021-8937 - referral.pdf" 
"C:\Users\eshor\Documents\ACF_consulting\files_test\20218937_17052021_invitation_for_public_comment_on_referral\2021-8937 Att A-Ecological Study Area Map.pdf" 
"C:\Users\eshor\Documents\ACF_consulting\files_test\20218937_17052021_invitation_for_public_comment_on_referral\2021-8937 Att B-Heritage Impact Statement Study Area.pdf" 
"C:\Users\eshor\Documents\ACF_consulting\files_test\20218937_17052021_invitation_for_public_comment_on_referral\2021-8937 Att E-CSIRO Yarralumla ACHA_FINAL.pdf" 
"C:\Users\eshor\Documents\ACF_consulting\files_test\20218937_17052021_invitation_for_public_comment_on_referral\2021-8937 CSIRO Yarralumla - Ecological Assessment.pdf" 
"C:\Users\eshor\Documents\ACF_consulting\files_test\20218937_17052021_invitation_for_public_comment_on_referral\2021-8937 CSIRO Yarralumla - Golden Sun Moth TargetedSurvey.pdf" 
"C:\Users\eshor\Documents\ACF_consulting\files_test\20218937_17052021_invitation_for_public_comment_on_referral\2021-8937 CSIRO Yarralumla Heritage Imact Assessment_Final-Part 1.pdf" 
"C:\Users\eshor\Documents\ACF_consulting\files_test\20218937_17052021_invitation_for_public_comment_on_referral\2021-8937 CSIRO Yarralumla Heritage Imact Assessment_Final-Part 2.pdf" 
"C:\Users\eshor\Documents\ACF_consulting\files_test\20218937_17052021_invitation_for_public_comment_on_referral\2021-8937 CSIRO Yarralumla Heritage Imact Assessment_Final-Part 3.pdf" 
