"C:\Users\eshor\Documents\ACF_consulting\files_test\20218923_03052021_invitation_for_public_comment_on_referral\2021-8923 - referral.pdf" 
"C:\Users\eshor\Documents\ACF_consulting\files_test\20218923_03052021_invitation_for_public_comment_on_referral\2021-8923 Att A - West Angelas Beyond 2020_Supporting Information_V2_March.pdf" 
"C:\Users\eshor\Documents\ACF_consulting\files_test\20218923_03052021_invitation_for_public_comment_on_referral\2021-8923 Att B - West Angelas Beyond 2020_Flora and Veg_March_2020_part1.pdf" 
"C:\Users\eshor\Documents\ACF_consulting\files_test\20218923_03052021_invitation_for_public_comment_on_referral\2021-8923 Att B - West Angelas Beyond 2020_Flora and Veg_March_2020_part2.pdf" 
"C:\Users\eshor\Documents\ACF_consulting\files_test\20218923_03052021_invitation_for_public_comment_on_referral\2021-8923 Att C - West Angelas Beyond 2020_Baseline Fauna Report_Dec_2019.pdf" 
"C:\Users\eshor\Documents\ACF_consulting\files_test\20218923_03052021_invitation_for_public_comment_on_referral\2021-8923 Att D - EPBC_PMST_Results_V2_April_2021.pdf" 
"C:\Users\eshor\Documents\ACF_consulting\files_test\20218923_03052021_invitation_for_public_comment_on_referral\2021-8923 Att E - Rio Tinto_HSEC_Policy_V2.pdf" 
"C:\Users\eshor\Documents\ACF_consulting\files_test\20218923_03052021_invitation_for_public_comment_on_referral\2021-8923 Map 1_ Regional Location of the Proposal 2021_V2.pdf" 
"C:\Users\eshor\Documents\ACF_consulting\files_test\20218923_03052021_invitation_for_public_comment_on_referral\2021-8923 WANGB2020 - EPBC Referral - Project Footprint_V2.pdf" 
