"C:\Users\eshor\Documents\ACF_consulting\files_test\20218909_10052021_invitation_for_public_comment_on_referral\2021-8909 - referral.pdf" 
"C:\Users\eshor\Documents\ACF_consulting\files_test\20218909_10052021_invitation_for_public_comment_on_referral\2021-8909 Att1-SMO-NOI-18Feb2021.pdf" 
"C:\Users\eshor\Documents\ACF_consulting\files_test\20218909_10052021_invitation_for_public_comment_on_referral\2021-8909 Att2-PM Search Report SMO-PMST_K76W6A.pdf" 
"C:\Users\eshor\Documents\ACF_consulting\files_test\20218909_10052021_invitation_for_public_comment_on_referral\2021-8909 Att3 - NVA Report20210430.pdf" 
"C:\Users\eshor\Documents\ACF_consulting\files_test\20218909_10052021_invitation_for_public_comment_on_referral\2021-8909 Att4-SSHEC Policy.pdf" 
"C:\Users\eshor\Documents\ACF_consulting\files_test\20218909_10052021_invitation_for_public_comment_on_referral\2021-8909 Fig 1-Mining Leases and Location.pdf" 
"C:\Users\eshor\Documents\ACF_consulting\files_test\20218909_10052021_invitation_for_public_comment_on_referral\2021-8909 Fig 2-Dam and Polishing Pond Location.pdf" 
"C:\Users\eshor\Documents\ACF_consulting\files_test\20218909_10052021_invitation_for_public_comment_on_referral\2021-8909 Fig 3-Proposed Borrow Pits Options.pdf" 
"C:\Users\eshor\Documents\ACF_consulting\files_test\20218909_10052021_invitation_for_public_comment_on_referral\2021-8909 Fig 4-Proposed New Access Roads.pdf" 
"C:\Users\eshor\Documents\ACF_consulting\files_test\20218909_10052021_invitation_for_public_comment_on_referral\2021-8909 Fig 5-TSF Alternative Locations Assessed.pdf" 
