"C:\Users\eshor\Documents\ACF_consulting\files_test\20218925_29042021_invitation_for_public_comment_on_referral\2021-8925 - referral.pdf" 
"C:\Users\eshor\Documents\ACF_consulting\files_test\20218925_29042021_invitation_for_public_comment_on_referral\2021-8925 Att 1 Snohetta Schematic Design Oct 2020 v2 210421.pdf" 
"C:\Users\eshor\Documents\ACF_consulting\files_test\20218925_29042021_invitation_for_public_comment_on_referral\2021-8925 Att 2 Snohetta Design Response Report Oct 2020 Part 1 v2 210421.pdf" 
"C:\Users\eshor\Documents\ACF_consulting\files_test\20218925_29042021_invitation_for_public_comment_on_referral\2021-8925 Att 2 Snohetta Design Response Report Oct 2020 Part 2.pdf" 
"C:\Users\eshor\Documents\ACF_consulting\files_test\20218925_29042021_invitation_for_public_comment_on_referral\2021-8925 Att 2 Snohetta Design Response Report Oct 2020 Part 3 v2 210421.pdf" 
"C:\Users\eshor\Documents\ACF_consulting\files_test\20218925_29042021_invitation_for_public_comment_on_referral\2021-8925 Att 2 Snohetta Design Response Report Oct 2020 Part 4 v2 210421.pdf" 
"C:\Users\eshor\Documents\ACF_consulting\files_test\20218925_29042021_invitation_for_public_comment_on_referral\2021-8925 Att 3 Tract Town Planning Report Nov 2020 v2 210421.pdf" 
"C:\Users\eshor\Documents\ACF_consulting\files_test\20218925_29042021_invitation_for_public_comment_on_referral\2021-8925 Att 4 Referral Report and Apps v3 210428.pdf" 
"C:\Users\eshor\Documents\ACF_consulting\files_test\20218925_29042021_invitation_for_public_comment_on_referral\2021-8925 Att 5 Pointilism Photomontages page1-10.pdf" 
"C:\Users\eshor\Documents\ACF_consulting\files_test\20218925_29042021_invitation_for_public_comment_on_referral\2021-8925 Att 5 Pointilism Photomontages page11-12 v2 210421.pdf" 
"C:\Users\eshor\Documents\ACF_consulting\files_test\20218925_29042021_invitation_for_public_comment_on_referral\2021-8925 Att 5 Pointilism Photomontages page13-14 v2 210421.pdf" 
"C:\Users\eshor\Documents\ACF_consulting\files_test\20218925_29042021_invitation_for_public_comment_on_referral\2021-8925 Att 5 Pointilism Photomontages page15-16 v2 210421.pdf" 
"C:\Users\eshor\Documents\ACF_consulting\files_test\20218925_29042021_invitation_for_public_comment_on_referral\2021-8925 Att 5 Pointilism Photomontages page17-18.pdf" 
"C:\Users\eshor\Documents\ACF_consulting\files_test\20218925_29042021_invitation_for_public_comment_on_referral\2021-8925 Att 5 Pointilism Photomontages page19-20 v2 210421.pdf" 
"C:\Users\eshor\Documents\ACF_consulting\files_test\20218925_29042021_invitation_for_public_comment_on_referral\2021-8925 Att 5 Pointilism Photomontages page27-28.pdf" 
"C:\Users\eshor\Documents\ACF_consulting\files_test\20218925_29042021_invitation_for_public_comment_on_referral\2021-8925 Att 5 Pointilism Photomontages page29-31 v2 210421.pdf" 
"C:\Users\eshor\Documents\ACF_consulting\files_test\20218925_29042021_invitation_for_public_comment_on_referral\2021-8925 Att 6 Reduced height and massing option Feb 2021 v3 2104228.pdf" 
"C:\Users\eshor\Documents\ACF_consulting\files_test\20218925_29042021_invitation_for_public_comment_on_referral\2021-8925 Att 7 Gertrude St podium elevations 2021.pdf" 
"C:\Users\eshor\Documents\ACF_consulting\files_test\20218925_29042021_invitation_for_public_comment_on_referral\2021-8925 Att 8 Sustainable Management Plan Oct 2020.pdf" 
"C:\Users\eshor\Documents\ACF_consulting\files_test\20218925_29042021_invitation_for_public_comment_on_referral\2021-8925 Att 9 Boundary survey Veris 2020.pdf" 
