"C:\Users\eshor\Documents\ACF_consulting\files_test\20218919_13052021_invitation_for_public_comment_on_referral\2021-8919 - referral.pdf" 
"C:\Users\eshor\Documents\ACF_consulting\files_test\20218919_13052021_invitation_for_public_comment_on_referral\2021-8919 Att A KI EPBC Report_updatedMar21.pdf" 
"C:\Users\eshor\Documents\ACF_consulting\files_test\20218919_13052021_invitation_for_public_comment_on_referral\2021-8919 Att B KI Veg Ass Stage 1.pdf" 
"C:\Users\eshor\Documents\ACF_consulting\files_test\20218919_13052021_invitation_for_public_comment_on_referral\2021-8919 Att C KI Veg Ass Stage 1 variation.pdf" 
"C:\Users\eshor\Documents\ACF_consulting\files_test\20218919_13052021_invitation_for_public_comment_on_referral\2021-8919 Att D KI Veg Ass Stage 2.pdf" 
"C:\Users\eshor\Documents\ACF_consulting\files_test\20218919_13052021_invitation_for_public_comment_on_referral\2021-8919 Att E KI Flora Fauna Ass.pdf" 
"C:\Users\eshor\Documents\ACF_consulting\files_test\20218919_13052021_invitation_for_public_comment_on_referral\2021-8919 Att F KI Nat Veg Clear.pdf" 
"C:\Users\eshor\Documents\ACF_consulting\files_test\20218919_13052021_invitation_for_public_comment_on_referral\2021-8919 Att G KI Env Inc.pdf" 
"C:\Users\eshor\Documents\ACF_consulting\files_test\20218919_13052021_invitation_for_public_comment_on_referral\2021-8919 Att H SAW Env Pol.pdf" 
"C:\Users\eshor\Documents\ACF_consulting\files_test\20218919_13052021_invitation_for_public_comment_on_referral\2021-8919 Att I SAW ISO14001.pdf" 
"C:\Users\eshor\Documents\ACF_consulting\files_test\20218919_13052021_invitation_for_public_comment_on_referral\2021-8919 Att J Nat Veg Clear Approval.pdf" 
