"C:\Users\eshor\Documents\ACF_consulting\files_test\20218952_09062021_invitation_for_public_comment_on_referral\2021-8952 - referral.pdf" 
"C:\Users\eshor\Documents\ACF_consulting\files_test\20218952_09062021_invitation_for_public_comment_on_referral\2021-8952 Artefact 2019 Riverside Oaks Addendum Archeaology Public version.pdf" 
"C:\Users\eshor\Documents\ACF_consulting\files_test\20218952_09062021_invitation_for_public_comment_on_referral\2021-8952 Biodiversity Development Assessment Report Riverside Oaks March 2021.pdf" 
"C:\Users\eshor\Documents\ACF_consulting\files_test\20218952_09062021_invitation_for_public_comment_on_referral\2021-8952 Biodiversity Stewardship Site Management Plan June 2021.pdf" 
"C:\Users\eshor\Documents\ACF_consulting\files_test\20218952_09062021_invitation_for_public_comment_on_referral\2021-8952 EPBC Ecological Assessment Report May 2021.docx.pdf" 
"C:\Users\eshor\Documents\ACF_consulting\files_test\20218952_09062021_invitation_for_public_comment_on_referral\2021-8952 Master Vegetetation Management Plan Riverrside Oaks Mar 2021.pdf" 
"C:\Users\eshor\Documents\ACF_consulting\files_test\20218952_09062021_invitation_for_public_comment_on_referral\2021-8952 NSW Planning and Environment Amendment 40 letter redacted.pdf" 
"C:\Users\eshor\Documents\ACF_consulting\files_test\20218952_09062021_invitation_for_public_comment_on_referral\2021-8952 Planning Services Finalisation Report Redacted.pdf" 
"C:\Users\eshor\Documents\ACF_consulting\files_test\20218952_09062021_invitation_for_public_comment_on_referral\2021-8952 Riverside - EPBC - planning flowchart new.pdf" 
"C:\Users\eshor\Documents\ACF_consulting\files_test\20218952_09062021_invitation_for_public_comment_on_referral\2021-8952 The Hills Local Environment Plan Amendment 40 redacted.pdf" 
