"C:\Users\eshor\Documents\ACF_consulting\files_test\20218972_10062021_invitation_for_public_comment_on_referral\2021-8972 - referral.pdf" 
"C:\Users\eshor\Documents\ACF_consulting\files_test\20218972_10062021_invitation_for_public_comment_on_referral\2021-8972 Att 1_NSW Consent Conditions.PDF" 
"C:\Users\eshor\Documents\ACF_consulting\files_test\20218972_10062021_invitation_for_public_comment_on_referral\2021-8972 Att 2_Revised BDAR.pdf" 
"C:\Users\eshor\Documents\ACF_consulting\files_test\20218972_10062021_invitation_for_public_comment_on_referral\2021-8972 Att 3_Photos_Box Gum Woodland.pdf" 
"C:\Users\eshor\Documents\ACF_consulting\files_test\20218972_10062021_invitation_for_public_comment_on_referral\2021-8972 Att 4_Sig impact assessment.pdf" 
"C:\Users\eshor\Documents\ACF_consulting\files_test\20218972_10062021_invitation_for_public_comment_on_referral\2021-8972 Att 5_Likelihood of Occurrence.pdf" 
"C:\Users\eshor\Documents\ACF_consulting\files_test\20218972_10062021_invitation_for_public_comment_on_referral\2021-8972 Att 6_Env Policy.pdf" 
"C:\Users\eshor\Documents\ACF_consulting\files_test\20218972_10062021_invitation_for_public_comment_on_referral\2021-8972 Figure 1. Layout_Project.pdf" 
"C:\Users\eshor\Documents\ACF_consulting\files_test\20218972_10062021_invitation_for_public_comment_on_referral\2021-8972 Figure 2. Location_Project Site_Study Area_Referral Area.pdf" 
"C:\Users\eshor\Documents\ACF_consulting\files_test\20218972_10062021_invitation_for_public_comment_on_referral\2021-8972 Figure 3. Vegetation Communities.pdf" 
"C:\Users\eshor\Documents\ACF_consulting\files_test\20218972_10062021_invitation_for_public_comment_on_referral\2021-8972 Figure 4. MNES_TECs.pdf" 
