"C:\Users\eshor\Documents\ACF_consulting\files_test\20218891_13052021_invitation_for_public_comment_on_referral\2021-8891 - referral.pdf" 
"C:\Users\eshor\Documents\ACF_consulting\files_test\20218891_13052021_invitation_for_public_comment_on_referral\2021-8891 Att 1 - Response to AWE queries.pdf" 
"C:\Users\eshor\Documents\ACF_consulting\files_test\20218891_13052021_invitation_for_public_comment_on_referral\2021-8891 Att 2 - Impacts summary.pdf" 
"C:\Users\eshor\Documents\ACF_consulting\files_test\20218891_13052021_invitation_for_public_comment_on_referral\2021-8891 Original Proposal Flora and Vegetation Rev 0.pdf" 
"C:\Users\eshor\Documents\ACF_consulting\files_test\20218891_13052021_invitation_for_public_comment_on_referral\2021-8891 Original Proposal Shorebirds and Waterbirds Rev 0.pdf" 
"C:\Users\eshor\Documents\ACF_consulting\files_test\20218891_13052021_invitation_for_public_comment_on_referral\2021-8891 Original Proposal Terrestrial Fauna Survey Rev 0.pdf" 
"C:\Users\eshor\Documents\ACF_consulting\files_test\20218891_13052021_invitation_for_public_comment_on_referral\2021-8891 Question 1.13.1.pdf" 
"C:\Users\eshor\Documents\ACF_consulting\files_test\20218891_13052021_invitation_for_public_comment_on_referral\2021-8891 Question 3.2.pdf" 
