"C:\Users\eshor\Documents\ACF_consulting\files_test\20218918_08042021_invitation_for_public_comment_on_referral\2021-8918 - referral.pdf" 
"C:\Users\eshor\Documents\ACF_consulting\files_test\20218918_08042021_invitation_for_public_comment_on_referral\2021-8918 Attachment 1_Figure_1_SiteMap.pdf" 
"C:\Users\eshor\Documents\ACF_consulting\files_test\20218918_08042021_invitation_for_public_comment_on_referral\2021-8918 Attachment 2_BDAR preliminary.pdf" 
"C:\Users\eshor\Documents\ACF_consulting\files_test\20218918_08042021_invitation_for_public_comment_on_referral\2021-8918 Attachment 3_Figure_2_VegetationZones.pdf" 
"C:\Users\eshor\Documents\ACF_consulting\files_test\20218918_08042021_invitation_for_public_comment_on_referral\2021-8918 Attachment 4_Tables.pdf" 
"C:\Users\eshor\Documents\ACF_consulting\files_test\20218918_08042021_invitation_for_public_comment_on_referral\2021-8918 BrokenHillBatteryStorage_ScopingReport_FINAL.pdf" 
"C:\Users\eshor\Documents\ACF_consulting\files_test\20218918_08042021_invitation_for_public_comment_on_referral\2021-8918 Environment Policy.pdf" 
