"C:\Users\eshor\Documents\ACF_consulting\files_test\20218922_20042021_invitation_for_public_comment_on_referral\2021-8922 - referral.pdf" 
"C:\Users\eshor\Documents\ACF_consulting\files_test\20218922_20042021_invitation_for_public_comment_on_referral\2021-8922 2020-8731 Referral Decision Brief Attch B_Decision Notice NCA.pdf" 
"C:\Users\eshor\Documents\ACF_consulting\files_test\20218922_20042021_invitation_for_public_comment_on_referral\2021-8922 Fig1_ProposedCableRoute.pdf" 
"C:\Users\eshor\Documents\ACF_consulting\files_test\20218922_20042021_invitation_for_public_comment_on_referral\2021-8922 Fig2_PerthCanyonMarinePark_Installation Route.pdf" 
"C:\Users\eshor\Documents\ACF_consulting\files_test\20218922_20042021_invitation_for_public_comment_on_referral\2021-8922 Fig3_Cable Route-CocosKeelingIsland.pdf" 
"C:\Users\eshor\Documents\ACF_consulting\files_test\20218922_20042021_invitation_for_public_comment_on_referral\2021-8922 Fig4_Cable Route within EEZ.pdf" 
"C:\Users\eshor\Documents\ACF_consulting\files_test\20218922_20042021_invitation_for_public_comment_on_referral\2021-8922 OAC_Cable_Installation_Appendix A.pdf" 
"C:\Users\eshor\Documents\ACF_consulting\files_test\20218922_20042021_invitation_for_public_comment_on_referral\2021-8922 OAC_Cable_Installation_Appendix B_Version1_190421.pdf" 
"C:\Users\eshor\Documents\ACF_consulting\files_test\20218922_20042021_invitation_for_public_comment_on_referral\2021-8922 OAC_Cable_Installation_Appendix C_Version1_190421.pdf" 
"C:\Users\eshor\Documents\ACF_consulting\files_test\20218922_20042021_invitation_for_public_comment_on_referral\2021-8922 OAC_Cable_Installation_Appendix D_Version1_190421.pdf" 
"C:\Users\eshor\Documents\ACF_consulting\files_test\20218922_20042021_invitation_for_public_comment_on_referral\2021-8922 OAC_Cable_Installation_EA Master Doc and App_Ver1_19421.pdf" 
"C:\Users\eshor\Documents\ACF_consulting\files_test\20218922_20042021_invitation_for_public_comment_on_referral\2021-8922 OAC_Cable_Installation_Master EA Doc_Version1_190421.pdf" 
"C:\Users\eshor\Documents\ACF_consulting\files_test\20218922_20042021_invitation_for_public_comment_on_referral\2021-8922 SubCom SMS Certification of Compliance - Flag State.pdf" 
"C:\Users\eshor\Documents\ACF_consulting\files_test\20218922_20042021_invitation_for_public_comment_on_referral\2021-8922 SubCom TCSC Safety and ISO14001 Enviro Certificate.pdf" 
