"C:\Users\eshor\Documents\ACF_consulting\files_test\20218911_08042021_invitation_for_public_comment_on_referral\2021-8911 - referral.pdf" 
"C:\Users\eshor\Documents\ACF_consulting\files_test\20218911_08042021_invitation_for_public_comment_on_referral\2021-8911 Appendix A_ ARTC Environmental Policy_Dec 2014.pdf" 
"C:\Users\eshor\Documents\ACF_consulting\files_test\20218911_08042021_invitation_for_public_comment_on_referral\2021-8911 AppendixC_MNES.pdf" 
"C:\Users\eshor\Documents\ACF_consulting\files_test\20218911_08042021_invitation_for_public_comment_on_referral\2021-8911 Att A-MNES Report-B2G Geotech-Part 1.pdf" 
"C:\Users\eshor\Documents\ACF_consulting\files_test\20218911_08042021_invitation_for_public_comment_on_referral\2021-8911 Att A-MNES Report-B2G Geotech-Part 2.pdf" 
"C:\Users\eshor\Documents\ACF_consulting\files_test\20218911_08042021_invitation_for_public_comment_on_referral\2021-8911 Att B- IDDCCC_Presentation.pdf" 
"C:\Users\eshor\Documents\ACF_consulting\files_test\20218911_08042021_invitation_for_public_comment_on_referral\2021-8911 Att C-Environmental Policy.pdf" 
"C:\Users\eshor\Documents\ACF_consulting\files_test\20218911_08042021_invitation_for_public_comment_on_referral\2021-8911 B2G Geotech MNES Report with Figures and App excl mapping.pdf" 
