"C:\Users\eshor\Documents\ACF_consulting\files_test\20218963_07062021_invitation_for_public_comment_on_referral\2021-8963 - referral.pdf" 
"C:\Users\eshor\Documents\ACF_consulting\files_test\20218963_07062021_invitation_for_public_comment_on_referral\2021-8963 App_10_Registered Historical Places Map.pdf" 
"C:\Users\eshor\Documents\ACF_consulting\files_test\20218963_07062021_invitation_for_public_comment_on_referral\2021-8963 App_11_Areas of Cultural Heritage Sensitivity Map.pdf" 
"C:\Users\eshor\Documents\ACF_consulting\files_test\20218963_07062021_invitation_for_public_comment_on_referral\2021-8963 App_12_Public Land Tenure Map.pdf" 
"C:\Users\eshor\Documents\ACF_consulting\files_test\20218963_07062021_invitation_for_public_comment_on_referral\2021-8963 App_13_Environmental Policy_2018.pdf" 
"C:\Users\eshor\Documents\ACF_consulting\files_test\20218963_07062021_invitation_for_public_comment_on_referral\2021-8963 App_1_Western Irrigation Network_Overview Map.pdf" 
"C:\Users\eshor\Documents\ACF_consulting\files_test\20218963_07062021_invitation_for_public_comment_on_referral\2021-8963 App_2_Proposed PBID Infrastructure_Project Area Map.pdf" 
"C:\Users\eshor\Documents\ACF_consulting\files_test\20218963_07062021_invitation_for_public_comment_on_referral\2021-8963 App_3_Native Vegetation_Threatened Flora_Communities Map.pdf" 
"C:\Users\eshor\Documents\ACF_consulting\files_test\20218963_07062021_invitation_for_public_comment_on_referral\2021-8963 App_4_Threatened Fauna Habitat_SLL Survey Location Map.pdf" 
"C:\Users\eshor\Documents\ACF_consulting\files_test\20218963_07062021_invitation_for_public_comment_on_referral\2021-8963 App_5_Golden Sun Moth Survey Location Map.pdf" 
"C:\Users\eshor\Documents\ACF_consulting\files_test\20218963_07062021_invitation_for_public_comment_on_referral\2021-8963 App_6_Planning Zones Map.pdf" 
"C:\Users\eshor\Documents\ACF_consulting\files_test\20218963_07062021_invitation_for_public_comment_on_referral\2021-8963 App_7_Planning Overlays_Map.pdf" 
"C:\Users\eshor\Documents\ACF_consulting\files_test\20218963_07062021_invitation_for_public_comment_on_referral\2021-8963 App_8_Ecological Assessment Report.pdf" 
"C:\Users\eshor\Documents\ACF_consulting\files_test\20218963_07062021_invitation_for_public_comment_on_referral\2021-8963 App_9_Waterways and Wetlands Map.pdf" 
