"C:\Users\eshor\Documents\ACF_consulting\files_test\20218954_01062021_invitation_for_public_comment_on_referral\2021-8954 - referral.pdf" 
"C:\Users\eshor\Documents\ACF_consulting\files_test\20218954_01062021_invitation_for_public_comment_on_referral\2021-8954 Att 1 - Ecological Desktop Assessment Report 2019.pdf" 
"C:\Users\eshor\Documents\ACF_consulting\files_test\20218954_01062021_invitation_for_public_comment_on_referral\2021-8954 Att 10 - QPWS Road Design Guidelines.pdf" 
"C:\Users\eshor\Documents\ACF_consulting\files_test\20218954_01062021_invitation_for_public_comment_on_referral\2021-8954 Att 11 - Kabi Kabi letter of support.pdf" 
"C:\Users\eshor\Documents\ACF_consulting\files_test\20218954_01062021_invitation_for_public_comment_on_referral\2021-8954 Att 2 - Ecological Survey Report 2020 preliminary rs.pdf" 
"C:\Users\eshor\Documents\ACF_consulting\files_test\20218954_01062021_invitation_for_public_comment_on_referral\2021-8954 Att 3 - Ecological Survey Report 2020_Cooloola Great Walk_Version 1.pdf" 
"C:\Users\eshor\Documents\ACF_consulting\files_test\20218954_01062021_invitation_for_public_comment_on_referral\2021-8954 Att 4 - koala habitat assessment.pdf" 
"C:\Users\eshor\Documents\ACF_consulting\files_test\20218954_01062021_invitation_for_public_comment_on_referral\2021-8954 Att 5 - Poona Lake Groundwater Investigation_Final Rev1_opt_secured.pdf" 
"C:\Users\eshor\Documents\ACF_consulting\files_test\20218954_01062021_invitation_for_public_comment_on_referral\2021-8954 Att 6 - Response to Section 4.pdf" 
"C:\Users\eshor\Documents\ACF_consulting\files_test\20218954_01062021_invitation_for_public_comment_on_referral\2021-8954 Att 7 - Biosecurity Framework for QPWS managed islands.pdf" 
"C:\Users\eshor\Documents\ACF_consulting\files_test\20218954_01062021_invitation_for_public_comment_on_referral\2021-8954 Att 9 Cooloola Great Walk - site selection history report ntt.pdf" 
"C:\Users\eshor\Documents\ACF_consulting\files_test\20218954_01062021_invitation_for_public_comment_on_referral\2021-8954 Map 1 - CGWEP maps all.pdf" 
"C:\Users\eshor\Documents\ACF_consulting\files_test\20218954_01062021_invitation_for_public_comment_on_referral\2021-8954 New Att 8 - Cooloola Great Walk - consultation report.pdf" 
