"C:\Users\eshor\Documents\ACF_consulting\files_test\20218948_19052021_invitation_for_public_comment_on_referral\2021-8948 - referral.pdf" 
"C:\Users\eshor\Documents\ACF_consulting\files_test\20218948_19052021_invitation_for_public_comment_on_referral\2021-8948 Att 1 - Proposed layout.pdf" 
"C:\Users\eshor\Documents\ACF_consulting\files_test\20218948_19052021_invitation_for_public_comment_on_referral\2021-8948 Att 2 - MNES Areas.pdf" 
"C:\Users\eshor\Documents\ACF_consulting\files_test\20218948_19052021_invitation_for_public_comment_on_referral\2021-8948 Att 3 - Biodiversity Certification Assessment Report_DRAFT-GHD 2021.pdf" 
"C:\Users\eshor\Documents\ACF_consulting\files_test\20218948_19052021_invitation_for_public_comment_on_referral\2021-8948 Att 4 - LocationMap_PostFire.pdf" 
"C:\Users\eshor\Documents\ACF_consulting\files_test\20218948_19052021_invitation_for_public_comment_on_referral\2021-8948 Att 5 - SiteMap_PostFire.pdf" 
"C:\Users\eshor\Documents\ACF_consulting\files_test\20218948_19052021_invitation_for_public_comment_on_referral\2021-8948 Att 6 - Gateway_Determination- DPE 2015.pdf" 
