"C:\Users\eshor\Documents\ACF_consulting\files_test\20218944_24052021_invitation_for_public_comment_on_referral\2021-8944 - referral.pdf" 
"C:\Users\eshor\Documents\ACF_consulting\files_test\20218944_24052021_invitation_for_public_comment_on_referral\2021-8944 Att 1-Development Masterplan.pdf" 
"C:\Users\eshor\Documents\ACF_consulting\files_test\20218944_24052021_invitation_for_public_comment_on_referral\2021-8944 Att 11-Biological Survey Albany Motorsport Park-2019.pdf" 
"C:\Users\eshor\Documents\ACF_consulting\files_test\20218944_24052021_invitation_for_public_comment_on_referral\2021-8944 Att 12-Pre-development Water Summary Report AMP-2019.pdf" 
"C:\Users\eshor\Documents\ACF_consulting\files_test\20218944_24052021_invitation_for_public_comment_on_referral\2021-8944 Att 13-Soil Profile Report AMP-2018.pdf" 
"C:\Users\eshor\Documents\ACF_consulting\files_test\20218944_24052021_invitation_for_public_comment_on_referral\2021-8944 Att 14 - Indigenous Consultation.pdf" 
"C:\Users\eshor\Documents\ACF_consulting\files_test\20218944_24052021_invitation_for_public_comment_on_referral\2021-8944 Att 16 - Business Case.pdf" 
"C:\Users\eshor\Documents\ACF_consulting\files_test\20218944_24052021_invitation_for_public_comment_on_referral\2021-8944 Att 18 - Written Consent Letters.pdf" 
"C:\Users\eshor\Documents\ACF_consulting\files_test\20218944_24052021_invitation_for_public_comment_on_referral\2021-8944 Att 2-Maps 1-5 Significant Trees for removal maps.pdf" 
"C:\Users\eshor\Documents\ACF_consulting\files_test\20218944_24052021_invitation_for_public_comment_on_referral\2021-8944 Att 3-Certificate of title.pdf" 
"C:\Users\eshor\Documents\ACF_consulting\files_test\20218944_24052021_invitation_for_public_comment_on_referral\2021-8944 Att 4-Council Meeting Minutes-Purchase of Land.pdf" 
"C:\Users\eshor\Documents\ACF_consulting\files_test\20218944_24052021_invitation_for_public_comment_on_referral\2021-8944 Att 5-Council Meeting Minutes-Scheme Amendment.pdf" 
"C:\Users\eshor\Documents\ACF_consulting\files_test\20218944_24052021_invitation_for_public_comment_on_referral\2021-8944 Att 6-EPA Notice of Decision Letter.pdf" 
"C:\Users\eshor\Documents\ACF_consulting\files_test\20218944_24052021_invitation_for_public_comment_on_referral\2021-8944 Att 7-EPA Referral Supporting Document-2019-part1.pdf" 
"C:\Users\eshor\Documents\ACF_consulting\files_test\20218944_24052021_invitation_for_public_comment_on_referral\2021-8944 Att 8-EPA Referral Supporting Document-2019-part2.pdf" 
"C:\Users\eshor\Documents\ACF_consulting\files_test\20218944_24052021_invitation_for_public_comment_on_referral\2021-8944 Att 9-EPA Referral Supporting Document-2019-part3.pdf" 
